qwinix@qt:~$ cd .Desktop
bash: cd: .Desktop: No such file or directory
qwinix@qt:~$ cd Desktop
qwinix@qt:~/Desktop$ cd workspace
qwinix@qt:~/Desktop/workspace$ git init
Initialized empty Git repository in /home/qwinix/Desktop/workspace/.git/
qwinix@qt:~/Desktop/workspace$ touch myfile.txt
qwinix@qt:~/Desktop/workspace$ ls
myfile.txt
qwinix@qt:~/Desktop/workspace$ gedit myfile.txt
qwinix@qt:~/Desktop/workspace$ cat myfile.txt
The superhero wants to create an infinite electricity, Where there is no electricity wasted and the same current could be used infinitly!!qwinix@qt:~/Desktop/woqwinix@qt:~/Desktop/workspace$ cat myfile.txt
The superhero wants to create an infinite electricity, Where there is no electricity wasted and the same current could be used infinitly!!qwinix@qt:~/Desktop/workspace$ git status
On branch master

Initial commit

Untracked files:
  (use "git add <file>..." to include in what will be committed)

	myfile.txt

nothing added to commit but untracked files present (use "git add" to track)
qwinix@qt:~/Desktop/workspace$ git add myfile.txt
qwinix@qt:~/Desktop/workspace$ git status
On branch master

Initial commit

Changes to be committed:
  (use "git rm --cached <file>..." to unstage)

	new file:   myfile.txt

qwinix@qt:~/Desktop/workspace$ git diff
qwinix@qt:~/Desktop/workspace$ git commit -am"introduction to superhero"

*** Please tell me who you are.

Run

  git config --global user.email "you@example.com"
  git config --global user.name "Your Name"

to set your account's default identity.
Omit --global to set the identity only in this repository.

fatal: unable to auto-detect email address (got 'qwinix@qt.(none)')
qwinix@qt:~/Desktop/workspace$ git config --global user.email "ksurendra@qwinix.io"
qwinix@qt:~/Desktop/workspace$ git config --global user.name "kuldeep_surendra"
qwinix@qt:~/Desktop/workspace$ git log
fatal: bad default revision 'HEAD'
qwinix@qt:~/Desktop/workspace$ git commit -am"introduction to superhero"
[master (root-commit) dc64496] introduction to superhero
 1 file changed, 1 insertion(+)
 create mode 100644 myfile.txt
qwinix@qt:~/Desktop/workspace$ git log
commit dc644960e940b6b1dad9774555209fa21fe29317
Author: kuldeep_surendra <ksurendra@qwinix.io>
Date:   Thu Sep 15 09:42:55 2016 +0530

    introduction to superhero
qwinix@qt:~/Desktop/workspace$ git clone https://github.com/dishasuresh/qwinix-trainee-batch-2016.git
Cloning into 'qwinix-trainee-batch-2016'...
warning: You appear to have cloned an empty repository.
Checking connectivity... done.
qwinix@qt:~/Desktop/workspace$ ls
myfile.txt  qwinix-trainee-batch-2016
qwinix@qt:~/Desktop/workspace$ cd ..
qwinix@qt:~/Desktop$ git clone https://github.com/dishasuresh/qwinix-trainee-batch-2016.git
Cloning into 'qwinix-trainee-batch-2016'...
warning: You appear to have cloned an empty repository.
Checking connectivity... done.
qwinix@qt:~/Desktop$ ls
html  qwinix-trainee-batch-2016  workspace
qwinix@qt:~/Desktop$ git status
fatal: Not a git repository (or any of the parent directories): .git
qwinix@qt:~/Desktop$ cd qwinix-trainee-batch-2016
qwinix@qt:~/Desktop/qwinix-trainee-batch-2016$ git status
On branch master

Initial commit

Untracked files:
  (use "git add <file>..." to include in what will be committed)

	myfile.txt

nothing added to commit but untracked files present (use "git add" to track)
qwinix@qt:~/Desktop/qwinix-trainee-batch-2016$ git add myfile.txt
qwinix@qt:~/Desktop/qwinix-trainee-batch-2016$ git status
On branch master

Initial commit

Changes to be committed:
  (use "git rm --cached <file>..." to unstage)

	new file:   myfile.txt

qwinix@qt:~/Desktop/qwinix-trainee-batch-2016$ git commit -am"introduction to superhero"
[master (root-commit) c72b651] introduction to superhero
 1 file changed, 1 insertion(+)
 create mode 100644 myfile.txt
qwinix@qt:~/Desktop/qwinix-trainee-batch-2016$ git log
commit c72b651b038a77e1672c4e707bd617b154c13ccb
Author: kuldeep_surendra <ksurendra@qwinix.io>
Date:   Thu Sep 15 10:17:57 2016 +0530

    introduction to superhero
qwinix@qt:~/Desktop/qwinix-trainee-batch-2016$ git branch
* master
qwinix@qt:~/Desktop/qwinix-trainee-batch-2016$ git checkout -b kuldeep
Switched to a new branch 'kuldeep'
qwinix@qt:~/Desktop/qwinix-trainee-batch-2016$ git branch
* kuldeep
  master
qwinix@qt:~/Desktop/qwinix-trainee-batch-2016$ git status
On branch kuldeep
nothing to commit, working directory clean
qwinix@qt:~/Desktop/qwinix-trainee-batch-2016$ git commit -am"introduction to superhero"
On branch kuldeep
nothing to commit, working directory clean
qwinix@qt:~/Desktop/qwinix-trainee-batch-2016$ git log
commit c72b651b038a77e1672c4e707bd617b154c13ccb
Author: kuldeep_surendra <ksurendra@qwinix.io>
Date:   Thu Sep 15 10:17:57 2016 +0530

    introduction to superhero
qwinix@qt:~/Desktop/qwinix-trainee-batch-2016$ git push origin kuldeep
Username for 'https://github.com': kuldeep-surendra
Password for 'https://kuldeep-surendra@github.com': 
Counting objects: 3, done.
Delta compression using up to 4 threads.
Compressing objects: 100% (2/2), done.
Writing objects: 100% (3/3), 322 bytes | 0 bytes/s, done.
Total 3 (delta 0), reused 0 (delta 0)
To https://github.com/dishasuresh/qwinix-trainee-batch-2016.git
 * [new branch]      kuldeep -> kuldeep
qwinix@qt:~/Desktop/qwinix-trainee-batch-2016$ git checkout master
Switched to branch 'master'
Your branch is based on 'origin/master', but the upstream is gone.
  (use "git branch --unset-upstream" to fixup)
qwinix@qt:~/Desktop/qwinix-trainee-batch-2016$ git checkout kuldeep
Switched to branch 'kuldeep'
qwinix@qt:~/Desktop/qwinix-trainee-batch-2016$ git status
On branch kuldeep
nothing to commit, working directory clean
qwinix@qt:~/Desktop/qwinix-trainee-batch-2016$ git status
On branch kuldeep
Changes not staged for commit:
  (use "git add <file>..." to update what will be committed)
  (use "git checkout -- <file>..." to discard changes in working directory)

	modified:   myfile.txt

Untracked files:
  (use "git add <file>..." to include in what will be committed)

	myfile.txt~

no changes added to commit (use "git add" and/or "git commit -a")
qwinix@qt:~/Desktop/qwinix-trainee-batch-2016$ git commit -am"introduction to superhero edited"
[kuldeep 01557a9] introduction to superhero edited
 1 file changed, 1 insertion(+), 1 deletion(-)
qwinix@qt:~/Desktop/qwinix-trainee-batch-2016$ git push origin kuldeep
Username for 'https://github.com': kuldeep-surendra
Password for 'https://kuldeep-surendra@github.com': 
Counting objects: 5, done.
Delta compression using up to 4 threads.
Compressing objects: 100% (2/2), done.
Writing objects: 100% (3/3), 292 bytes | 0 bytes/s, done.
Total 3 (delta 1), reused 0 (delta 0)
remote: Resolving deltas: 100% (1/1), completed with 1 local objects.
To https://github.com/dishasuresh/qwinix-trainee-batch-2016.git
   c72b651..01557a9  kuldeep -> kuldeep
qwinix@qt:~/Desktop/qwinix-trainee-batch-2016$ git checkout master
Switched to branch 'master'
Your branch is based on 'origin/master', but the upstream is gone.
  (use "git branch --unset-upstream" to fixup)
qwinix@qt:~/Desktop/qwinix-trainee-batch-2016$ git merge kuldeep
Updating c72b651..01557a9
Fast-forward
 myfile.txt | 2 +-
 1 file changed, 1 insertion(+), 1 deletion(-)
qwinix@qt:~/Desktop/qwinix-trainee-batch-2016$ git status
On branch master
Your branch is based on 'origin/master', but the upstream is gone.
  (use "git branch --unset-upstream" to fixup)

Untracked files:
  (use "git add <file>..." to include in what will be committed)

	myfile.txt~

nothing added to commit but untracked files present (use "git add" to track)
qwinix@qt:~/Desktop/qwinix-trainee-batch-2016$ git log
commit 01557a96635f461385645e64918dfc6ef181b48a
Author: kuldeep_surendra <ksurendra@qwinix.io>
Date:   Thu Sep 15 11:24:04 2016 +0530

    introduction to superhero edited

commit c72b651b038a77e1672c4e707bd617b154c13ccb
Author: kuldeep_surendra <ksurendra@qwinix.io>
Date:   Thu Sep 15 10:17:57 2016 +0530

    introduction to superhero
qwinix@qt:~/Desktop/qwinix-trainee-batch-2016$ git pull
remote: Counting objects: 119, done.
remote: Compressing objects: 100% (63/63), done.
remote: Total 119 (delta 17), reused 117 (delta 15), pack-reused 0
Receiving objects: 100% (119/119), 11.38 KiB | 0 bytes/s, done.
Resolving deltas: 100% (17/17), done.
From https://github.com/dishasuresh/qwinix-trainee-batch-2016
 * [new branch]      master     -> origin/master
 * [new branch]      Sujina     -> origin/Sujina
 * [new branch]      bhavana    -> origin/bhavana
 * [new branch]      bhuvan     -> origin/bhuvan
 * [new branch]      chethan    -> origin/chethan
 * [new branch]      elvina     -> origin/elvina
 * [new branch]      fariyal    -> origin/fariyal
 * [new branch]      harshita_branch -> origin/harshita_branch
 * [new branch]      manju_branch -> origin/manju_branch
 * [new branch]      meghavi    -> origin/meghavi
 * [new branch]      milan_branch -> origin/milan_branch
 * [new branch]      minchana_branch -> origin/minchana_branch
 * [new branch]      nikhils_branch -> origin/nikhils_branch
 * [new branch]      priya-b    -> origin/priya-b
 * [new branch]      priyanka_branch -> origin/priyanka_branch
 * [new branch]      sachin     -> origin/sachin
 * [new branch]      sannidhi   -> origin/sannidhi
 * [new branch]      suhas      -> origin/suhas
 * [new branch]      sujay      -> origin/sujay
 * [new branch]      sunil      -> origin/sunil
 * [new branch]      supreetha  -> origin/supreetha
 * [new branch]      supreetha-hathwar -> origin/supreetha-hathwar
 * [new branch]      sushmitha  -> origin/sushmitha
 * [new branch]      varun      -> origin/varun
 * [new branch]      venkatesh  -> origin/venkatesh
Merge made by the 'recursive' strategy.
 my_file.txt | 4 ++++
 suvi.txt    | 1 +
 2 files changed, 5 insertions(+)
 create mode 100644 my_file.txt
 create mode 100644 suvi.txt
qwinix@qt:~/Desktop/qwinix-trainee-batch-2016$ ls
my_file.txt  myfile.txt  myfile.txt~  suvi.txt
qwinix@qt:~/Desktop/qwinix-trainee-batch-2016$ cat myfile.txt
The superhero wants to create an infinite electricity, Where there is no electricity wasted and the same current could be used infinitly!!........
qwinix@qt:~/Desktop/qwinix-trainee-batch-2016$ git checkout milan_branch
Branch milan_branch set up to track remote branch milan_branch from origin.
Switched to a new branch 'milan_branch'
qwinix@qt:~/Desktop/qwinix-trainee-batch-2016$ ls
file1.txt  myfile.txt~
qwinix@qt:~/Desktop/qwinix-trainee-batch-2016$ git checkout master
Switched to branch 'master'
Your branch is ahead of 'origin/master' by 3 commits.
  (use "git push" to publish your local commits)
qwinix@qt:~/Desktop/qwinix-trainee-batch-2016$ ls
my_file.txt  myfile.txt  myfile.txt~  suvi.txt
qwinix@qt:~/Desktop/qwinix-trainee-batch-2016$ git checkout kuldeep
Switched to branch 'kuldeep'
qwinix@qt:~/Desktop/qwinix-trainee-batch-2016$ ls
myfile.txt  myfile.txt~
qwinix@qt:~/Desktop/qwinix-trainee-batch-2016$ git checkout master
Switched to branch 'master'
Your branch is ahead of 'origin/master' by 3 commits.
  (use "git push" to publish your local commits)
qwinix@qt:~/Desktop/qwinix-trainee-batch-2016$ ls
my_file.txt  myfile.txt  myfile.txt~  suvi.txt
qwinix@qt:~/Desktop/qwinix-trainee-batch-2016$ 

